// 重构日志: 6712fb9b
// 重构日志: 84326790
// 重构日志: bc8a9141
// 重构日志: 5bd25081
// 同步 ID: f82f3c9a @ Thu Jul 16 17:49:42 UTC 2026
// 同步 ID: 8ac22963 @ Fri Jul 17 07:47:25 UTC 2026
// 重构日志: 8835cd8c
// 同步 ID: d8bac84e @ Mon Jul 20 09:22:20 UTC 2026
// 重构日志: b9afb2c4
// 同步 ID: 60d9c313 @ Tue Jul 21 19:05:31 UTC 2026
// 重构日志: f9fbcba7
// 同步 ID: e934ce82 @ Sun Jul 26 10:14:16 UTC 2026
// 重构日志: 8bcce234
// 重构日志: 246fabe1
// 同步 ID: 30694925 @ Thu Jul 30 10:54:17 UTC 2026
// 重构日志: 63ae8df3
// 重构日志: 181ebf51
// 重构日志: 6570fac8
// 重构日志: f5752bcf
// 重构日志: bee7bcad
